>>> 4+5
9
>>> 10*5-20
30
>>> (10+2)*2
24
>>> 8/4
2.0
>>> 6/4
1.5
>>> 6//4
1
>>> 6%4
2
>>> a+b
Traceback (most recent call last):
  File "<pyshell#7>", line 1, in <module>
    a+b
NameError: name 'a' is not defined
>>> a=10
>>> b=20
>>> c=a+b
>>> c
30
>>> 3*2.18
6.540000000000001
>>> 